[8500:25920:1008/132401.073:WARNING:chrome_main_delegate.cc(745)] This is Chrome version 128.0.6613.138 (not a warning)
[8500:26540:1008/132401.243:ERROR:google_update_settings.cc(265)] Failed opening key Software\Chromium to set usagestats; result: 5
[8500:25920:1008/132401.251:WARNING:account_consistency_mode_manager.cc(77)] Desktop Identity Consistency cannot be enabled as no OAuth client ID and client secret have been configured.
[18904:10896:1008/132428.074:WARNING:frame_impl.cc(430)] virtual CefFrameImpl::SendProcessMessage sent to detached frame 5-2161A1FE65FD28EFD3178D28BF601FC9 will be ignored
[9828:20096:1008/132429.430:WARNING:codec.cc(525)] Explicitly added H264 constrained baseline to list of supported formats.
[9828:10100:1008/132429.497:WARNING:codec.cc(525)] Explicitly added H264 constrained baseline to list of supported formats.
[9828:10100:1008/132429.497:WARNING:codec.cc(525)] Explicitly added H264 constrained baseline to list of supported formats.
[9828:10100:1008/132429.498:WARNING:codec.cc(525)] Explicitly added H264 constrained baseline to list of supported formats.
[6420:20048:1008/132429.538:ERROR:socket_manager.cc(147)] Failed to resolve address for stun.cloudflare.com., errorcode: -105
[6420:20048:1008/132429.538:ERROR:socket_manager.cc(147)] Failed to resolve address for stun.cloudflare.com., errorcode: -105
[6420:20048:1008/132429.538:ERROR:socket_manager.cc(147)] Failed to resolve address for stun.cloudflare.com., errorcode: -105
[9828:10100:1008/132429.539:WARNING:stun_port.cc(442)] Port[1020c00:0:1:0:host:Net[any:0:0:0:x:x:x:x:x/0:Wildcard:id=0]]: StunPort: stun host lookup received error -1
[9828:10100:1008/132429.539:WARNING:stun_port.cc(442)] Port[1021400:1:1:0:host:Net[any:0:0:0:x:x:x:x:x/0:Wildcard:id=0]]: StunPort: stun host lookup received error -1
[9828:10100:1008/132429.539:WARNING:stun_port.cc(442)] Port[1021c00:2:1:0:host:Net[any:0:0:0:x:x:x:x:x/0:Wildcard:id=0]]: StunPort: stun host lookup received error -1
[6420:20048:1008/132429.540:ERROR:socket_manager.cc(147)] Failed to resolve address for stun1.l.google.com., errorcode: -105
[6420:20048:1008/132429.540:ERROR:socket_manager.cc(147)] Failed to resolve address for stun1.l.google.com., errorcode: -105
[6420:20048:1008/132429.540:ERROR:socket_manager.cc(147)] Failed to resolve address for stun1.l.google.com., errorcode: -105
[6420:20048:1008/132429.541:ERROR:socket_manager.cc(147)] Failed to resolve address for stun.l.google.com., errorcode: -105
[6420:20048:1008/132429.541:ERROR:socket_manager.cc(147)] Failed to resolve address for stun.l.google.com., errorcode: -105
[6420:20048:1008/132429.541:ERROR:socket_manager.cc(147)] Failed to resolve address for stun.l.google.com., errorcode: -105
[9828:10100:1008/132429.542:WARNING:stun_port.cc(442)] Port[1020c00:0:1:0:host:Net[any:0:0:0:x:x:x:x:x/0:Wildcard:id=0]]: StunPort: stun host lookup received error -1
[9828:10100:1008/132429.542:WARNING:stun_port.cc(442)] Port[1021400:1:1:0:host:Net[any:0:0:0:x:x:x:x:x/0:Wildcard:id=0]]: StunPort: stun host lookup received error -1
[9828:10100:1008/132429.542:WARNING:stun_port.cc(442)] Port[1021c00:2:1:0:host:Net[any:0:0:0:x:x:x:x:x/0:Wildcard:id=0]]: StunPort: stun host lookup received error -1
[9828:10100:1008/132429.542:WARNING:stun_port.cc(442)] Port[1020c00:0:1:0:host:Net[any:0:0:0:x:x:x:x:x/0:Wildcard:id=0]]: StunPort: stun host lookup received error -1
[9828:10100:1008/132429.542:WARNING:stun_port.cc(442)] Port[1021400:1:1:0:host:Net[any:0:0:0:x:x:x:x:x/0:Wildcard:id=0]]: StunPort: stun host lookup received error -1
[9828:10100:1008/132429.542:WARNING:stun_port.cc(442)] Port[1021c00:2:1:0:host:Net[any:0:0:0:x:x:x:x:x/0:Wildcard:id=0]]: StunPort: stun host lookup received error -1
[8500:10612:1008/132429.805:WARNING:browser_info.cc(345)] Returning a speculative frame for [7,9]
[8500:25920:1008/132429.859:WARNING:browser_info.cc(345)] Returning a speculative frame for [9,5]
[8500:25920:1008/132429.859:WARNING:browser_info.cc(345)] Returning a speculative frame for [9,5]
[8500:25920:1008/132429.859:WARNING:browser_info.cc(345)] Returning a speculative frame for [9,5]
[8500:25920:1008/132429.859:WARNING:browser_info.cc(345)] Returning a speculative frame for [9,5]
[8500:10612:1008/132429.891:WARNING:browser_info.cc(345)] Returning a speculative frame for [9,5]
[4512:11960:1008/132430.073:WARNING:codec.cc(525)] Explicitly added H264 constrained baseline to list of supported formats.
[4512:26732:1008/132430.171:WARNING:codec.cc(525)] Explicitly added H264 constrained baseline to list of supported formats.
[4512:26732:1008/132430.173:WARNING:codec.cc(525)] Explicitly added H264 constrained baseline to list of supported formats.
[4512:26732:1008/132430.173:WARNING:codec.cc(525)] Explicitly added H264 constrained baseline to list of supported formats.
[6420:20048:1008/132430.203:ERROR:socket_manager.cc(147)] Failed to resolve address for stun.l.google.com., errorcode: -105
[6420:20048:1008/132430.203:ERROR:socket_manager.cc(147)] Failed to resolve address for stun.l.google.com., errorcode: -105
[6420:20048:1008/132430.203:ERROR:socket_manager.cc(147)] Failed to resolve address for stun.l.google.com., errorcode: -105
[6420:20048:1008/132430.203:ERROR:socket_manager.cc(147)] Failed to resolve address for stun.cloudflare.com., errorcode: -105
[6420:20048:1008/132430.203:ERROR:socket_manager.cc(147)] Failed to resolve address for stun.cloudflare.com., errorcode: -105
[6420:20048:1008/132430.203:ERROR:socket_manager.cc(147)] Failed to resolve address for stun.cloudflare.com., errorcode: -105
[6420:20048:1008/132430.204:ERROR:socket_manager.cc(147)] Failed to resolve address for stun1.l.google.com., errorcode: -105
[6420:20048:1008/132430.204:ERROR:socket_manager.cc(147)] Failed to resolve address for stun1.l.google.com., errorcode: -105
[6420:20048:1008/132430.204:ERROR:socket_manager.cc(147)] Failed to resolve address for stun1.l.google.com., errorcode: -105
[4512:26732:1008/132430.204:WARNING:stun_port.cc(442)] Port[ea3400:0:1:0:host:Net[any:0:0:0:x:x:x:x:x/0:Wildcard:id=0]]: StunPort: stun host lookup received error -1
[4512:26732:1008/132430.204:WARNING:stun_port.cc(442)] Port[1224000:1:1:0:host:Net[any:0:0:0:x:x:x:x:x/0:Wildcard:id=0]]: StunPort: stun host lookup received error -1
[4512:26732:1008/132430.204:WARNING:stun_port.cc(442)] Port[1224400:2:1:0:host:Net[any:0:0:0:x:x:x:x:x/0:Wildcard:id=0]]: StunPort: stun host lookup received error -1
[4512:26732:1008/132430.205:WARNING:stun_port.cc(442)] Port[ea3400:0:1:0:host:Net[any:0:0:0:x:x:x:x:x/0:Wildcard:id=0]]: StunPort: stun host lookup received error -1
[4512:26732:1008/132430.205:WARNING:stun_port.cc(442)] Port[1224000:1:1:0:host:Net[any:0:0:0:x:x:x:x:x/0:Wildcard:id=0]]: StunPort: stun host lookup received error -1
[4512:26732:1008/132430.205:WARNING:stun_port.cc(442)] Port[1224400:2:1:0:host:Net[any:0:0:0:x:x:x:x:x/0:Wildcard:id=0]]: StunPort: stun host lookup received error -1
[4512:26732:1008/132430.205:WARNING:stun_port.cc(442)] Port[ea3400:0:1:0:host:Net[any:0:0:0:x:x:x:x:x/0:Wildcard:id=0]]: StunPort: stun host lookup received error -1
[4512:26732:1008/132430.205:WARNING:stun_port.cc(442)] Port[1224000:1:1:0:host:Net[any:0:0:0:x:x:x:x:x/0:Wildcard:id=0]]: StunPort: stun host lookup received error -1
[4512:26732:1008/132430.205:WARNING:stun_port.cc(442)] Port[1224400:2:1:0:host:Net[any:0:0:0:x:x:x:x:x/0:Wildcard:id=0]]: StunPort: stun host lookup received error -1
[4512:11960:1008/132432.960:WARNING:codec.cc(525)] Explicitly added H264 constrained baseline to list of supported formats.
[8500:25920:1008/132457.774:WARNING:page_discarding_helper.cc(138)] Discarding multiple pages with target (kb): 0
[8500:25920:1008/132502.773:WARNING:page_discarding_helper.cc(138)] Discarding multiple pages with target (kb): 0
[9828:13240:1008/132646.300:WARNING:frame_impl.cc(430)] virtual CefFrameImpl::SendProcessMessage sent to detached frame 6-7FE6D94C5403F3D43D381F63D1B5F89F will be ignored
[18604:8900:1008/132646.373:ERROR:shared_image_manager.cc(224)] SharedImageManager::ProduceSkia: Trying to Produce a Skia representation from a non-existent mailbox.
[8500:25920:1008/132931.076:WARNING:pref_notifier_impl.cc(41)] Pref observer for media_router.cast_allow_all_ips found at shutdown.
